
> temp_app@0.1.0 build
> next build

node.exe : ΓÜá Warning: 
Next.js inferred your 
workspace root, but it may 
not be correct.
At line:1 char:1
+ & "C:\Program 
Files\nodejs/node.exe" "C:\U
sers\User\AppData\Roaming\n 
...
+ ~~~~~~~~~~~~~~~~~~~~~~~~~~
~~~~~~~~~~~~~~~~~~~~~~~~~~~~
~~~~~~~~~~~~~~~
    + CategoryInfo          
    : NotSpecified: (ΓÜá W  
  arning: Ne...not be cor   
 rect.:String) [], Remot    
eException
    + FullyQualifiedErrorId 
    : NativeCommandError
 
 We detected multiple 
lockfiles and selected the 
directory of C:\Users\User\p
ackage-lock.json as the 
root directory.
 To silence this warning, 
set `turbopack.root` in 
your Next.js config, or 
consider removing one of 
the lockfiles if it's not 
needed.
   See https://nextjs.org/do
cs/app/api-reference/config/
next-config-js/turbopack#roo
t-directory for more 
information.
 Detected additional 
lockfiles: 
   * C:\Users\User\OneDrive\
Desktop\Website\globalsecuri
tysolutions.co.za\package-lo
ck.json

Γû▓ Next.js 16.1.0 (Turbopack)
- Environments: .env.local
- Experiments (use with caution):
  ┬╖ optimizePackageImports

  Creating an optimized production build ...
Γ£ô Compiled successfully in 49s
  Running TypeScript ...
Failed to compile.

./app/portal/clients/[id]/pa
ge.tsx:308:124
Type error: Property 
'created_at' does not exist 
on type 'Quotation'.

[0m [90m 306 |[39m       
                            
                  [33m<[39
m[33m/[39m[33mBadge[39m
[33m>[39m
 [90m 307 |[39m           
                            
          [33m<[39m[33m/
[39m[33mdiv[39m[33m>[39m
[31m[1m>[22m[39m[90m 
308 |[39m                  
                            
   [33m<[39m[33mp[39m cl
assName[33m=[39m[32m"text
-sm text-muted-foreground mt
-1"[39m[33m>[39m[33mCrea
ted[39m[33m:[39m 
{[36mnew[39m [33mDate[39
m(quote[33m.[39mcreated_at
[33m![39m)[33m.[39mtoLoc
aleDateString()}[33m<[39m
[33m/[39m[33mp[39m[33m>
[39m
 [90m     |[39m           
                            
                            
                            
                            
 [31m[1m^[22m[39m
 [90m 309 |[39m           
                            
      [33m<[39m[33m/[39m
[33mdiv[39m[33m>[39m
 [90m 310 |[39m           
                            
      
[33m<[39m[33mdiv[39m cla
ssName[33m=[39m[32m"text-
right"[39m[33m>[39m
 [90m 311 |[39m           
                            
          
[33m<[39m[33mp[39m class
Name[33m=[39m[32m"font-bo
ld"[39m[33m>[39m{formatCu
rrency(quote[33m.[39mtotal
_amount [36mas[39m number)
}[33m<[39m[33m/[39m[33m
p[39m[33m>[39m[0m
Next.js build worker exited 
with code: 1 and signal: 
null
