app/portal/jobs/JobCalendar.tsx(4,58): error TS7016: Could not find a declaration file for module 'react-big-calendar'. 'C:/Users/User/OneDrive/Desktop/Website/globalsecuritysolutions.co.za/node_modules/react-big-calendar/lib/index.js' implicitly has an 'any' type.
  Try `npm i --save-dev @types/react-big-calendar` if it exists or add a new declaration (.d.ts) file containing `declare module 'react-big-calendar';`
app/portal/jobs/JobCalendar.tsx(17,24): error TS2305: Module '"@/types/crm"' has no exported member 'CalendarEvent'.
app/portal/jobs/JobCalendar.tsx(239,59): error TS7006: Parameter 'open' implicitly has an 'any' type.
app/portal/jobs/page.tsx(477,40): error TS7006: Parameter 'e' implicitly has an 'any' type.
app/portal/jobs/page.tsx(516,40): error TS7006: Parameter 'open' implicitly has an 'any' type.
app/portal/jobs/page.tsx(568,69): error TS7006: Parameter 'value' implicitly has an 'any' type.
app/portal/jobs/page.tsx(588,69): error TS7006: Parameter 'value' implicitly has an 'any' type.
app/portal/jobs/page.tsx(612,64): error TS7006: Parameter 'e' implicitly has an 'any' type.
app/portal/jobs/page.tsx(626,68): error TS7006: Parameter 'e' implicitly has an 'any' type.
app/portal/jobs/page.tsx(635,68): error TS7006: Parameter 'e' implicitly has an 'any' type.
app/portal/jobs/page.tsx(727,76): error TS7006: Parameter 'e' implicitly has an 'any' type.
app/portal/jobs/page.tsx(731,74): error TS7006: Parameter 'e' implicitly has an 'any' type.
app/portal/jobs/page.tsx(801,75): error TS2304: Cannot find name 'cn'.
app/portal/products/page.tsx(152,25): error TS18048: 'product.cost_price' is possibly 'undefined'.
app/portal/products/page.tsx(250,40): error TS7006: Parameter 'e' implicitly has an 'any' type.
app/portal/products/page.tsx(259,44): error TS7006: Parameter 'open' implicitly has an 'any' type.
app/portal/products/page.tsx(287,60): error TS7006: Parameter 'e' implicitly has an 'any' type.
app/portal/products/page.tsx(297,64): error TS7006: Parameter 'e' implicitly has an 'any' type.
app/portal/products/page.tsx(305,64): error TS7006: Parameter 'e' implicitly has an 'any' type.
app/portal/products/page.tsx(317,64): error TS7006: Parameter 'e' implicitly has an 'any' type.
app/portal/products/page.tsx(328,64): error TS7006: Parameter 'e' implicitly has an 'any' type.
app/portal/products/page.tsx(421,65): error TS2345: Argument of type 'number | undefined' is not assignable to parameter of type 'string | number'.
  Type 'undefined' is not assignable to type 'string | number'.
app/portal/products/page.tsx(429,84): error TS2345: Argument of type 'number | undefined' is not assignable to parameter of type 'number'.
  Type 'undefined' is not assignable to type 'number'.
app/portal/profile-setup/[id]/page.tsx(162,52): error TS7006: Parameter 'e' implicitly has an 'any' type.
app/portal/profile-setup/[id]/page.tsx(177,52): error TS7006: Parameter 'e' implicitly has an 'any' type.
app/portal/purchase-orders/new/page.tsx(347,80): error TS7006: Parameter 'e' implicitly has an 'any' type.
app/portal/purchase-orders/new/page.tsx(383,56): error TS7006: Parameter 'e' implicitly has an 'any' type.
app/portal/purchase-orders/new/page.tsx(394,48): error TS7006: Parameter 'e' implicitly has an 'any' type.
app/portal/purchase-orders/new/page.tsx(429,56): error TS7006: Parameter 'e' implicitly has an 'any' type.
app/portal/purchase-orders/new/page.tsx(439,56): error TS7006: Parameter 'e' implicitly has an 'any' type.
app/portal/purchase-orders/new/page.tsx(450,60): error TS7006: Parameter 'e' implicitly has an 'any' type.
app/portal/sales/new/page.tsx(472,64): error TS7006: Parameter 'e' implicitly has an 'any' type.
app/portal/sales/new/page.tsx(482,65): error TS7006: Parameter 'value' implicitly has an 'any' type.
app/portal/sales/new/page.tsx(501,60): error TS7006: Parameter 'e' implicitly has an 'any' type.
app/portal/sales/new/page.tsx(550,68): error TS7006: Parameter 'e' implicitly has an 'any' type.
app/portal/sales/new/page.tsx(564,64): error TS7006: Parameter 'e' implicitly has an 'any' type.
app/portal/sales/new/page.tsx(576,68): error TS7006: Parameter 'e' implicitly has an 'any' type.
app/portal/sales/new/page.tsx(744,55): error TS7006: Parameter 'c' implicitly has an 'any' type.
app/portal/sales/page.tsx(369,59): error TS2339: Property 'site_plan_url' does not exist on type '{ lines: any[]; id: string; client_id: string; status: "Accepted" | "Draft" | "Sent" | "Cancelled" | "Pending Review" | "Rejected" | "Approved" | "Converted"; date_created: string; created_at?: string | undefined; ... 15 more ...; clients?: Pick<...> | undefined; } | { ...; }'.
  Property 'site_plan_url' does not exist on type '{ lines: any[]; id: string; client_id: string; quotation_id?: string | undefined; status: "Draft" | "Sent" | "Paid" | "Overdue" | "Cancelled"; date_created: string; created_at?: string | undefined; ... 7 more ...; payment_proof?: string | undefined; }'.
app/portal/sales/page.tsx(415,39): error TS7006: Parameter 'e' implicitly has an 'any' type.
app/portal/sales/page.tsx(622,36): error TS7006: Parameter 'e' implicitly has an 'any' type.
app/portal/sales/page.tsx(856,17): error TS2322: Type 'string | null' is not assignable to type 'string'.
  Type 'null' is not assignable to type 'string'.
app/portal/settings/page.tsx(17,18): error TS7016: Could not find a declaration file for module 'papaparse'. 'C:/Users/User/OneDrive/Desktop/Website/globalsecuritysolutions.co.za/node_modules/papaparse/papaparse.js' implicitly has an 'any' type.
  Try `npm i --save-dev @types/papaparse` if it exists or add a new declaration (.d.ts) file containing `declare module 'papaparse';`
app/portal/settings/page.tsx(19,10): error TS2305: Module '"@/types/crm"' has no exported member 'UserProfile'.
app/portal/settings/page.tsx(104,30): error TS7006: Parameter 'results' implicitly has an 'any' type.
app/portal/settings/page.tsx(129,21): error TS7006: Parameter 'error' implicitly has an 'any' type.
app/portal/settings/page.tsx(143,30): error TS7006: Parameter 'results' implicitly has an 'any' type.
app/portal/settings/page.tsx(173,21): error TS7006: Parameter 'error' implicitly has an 'any' type.
app/portal/settings/page.tsx(221,17): error TS7034: Variable 'content' implicitly has type 'any' in some locations where its type cannot be determined.
app/portal/settings/page.tsx(233,21): error TS7005: Variable 'content' implicitly has an 'any' type.
app/portal/settings/page.tsx(316,90): error TS7006: Parameter 'e' implicitly has an 'any' type.
app/portal/settings/page.tsx(332,91): error TS7006: Parameter 'e' implicitly has an 'any' type.
app/portal/settings/page.tsx(338,52): error TS7006: Parameter 'e' implicitly has an 'any' type.
app/portal/settings/page.tsx(346,91): error TS7006: Parameter 'e' implicitly has an 'any' type.
app/portal/settings/page.tsx(350,93): error TS7006: Parameter 'e' implicitly has an 'any' type.
app/portal/settings/page.tsx(354,89): error TS7006: Parameter 'e' implicitly has an 'any' type.
app/portal/settings/page.tsx(372,87): error TS7006: Parameter 'e' implicitly has an 'any' type.
app/portal/settings/page.tsx(376,96): error TS7006: Parameter 'e' implicitly has an 'any' type.
app/portal/settings/page.tsx(381,98): error TS7006: Parameter 'e' implicitly has an 'any' type.
app/portal/settings/page.tsx(385,97): error TS7006: Parameter 'e' implicitly has an 'any' type.
app/portal/settings/page.tsx(390,96): error TS7006: Parameter 'e' implicitly has an 'any' type.
app/portal/settings/page.tsx(394,92): error TS7006: Parameter 'e' implicitly has an 'any' type.
app/portal/settings/page.tsx(421,98): error TS7006: Parameter 'e' implicitly has an 'any' type.
app/portal/settings/page.tsx(425,90): error TS7006: Parameter 'value' implicitly has an 'any' type.
app/portal/settings/page.tsx(437,104): error TS7006: Parameter 'e' implicitly has an 'any' type.
app/portal/settings/page.tsx(520,56): error TS7006: Parameter 'e' implicitly has an 'any' type.
app/portal/settings/page.tsx(526,56): error TS7006: Parameter 'e' implicitly has an 'any' type.
app/portal/settings/page.tsx(539,52): error TS7006: Parameter 'e' implicitly has an 'any' type.
app/portal/settings/page.tsx(549,52): error TS7006: Parameter 'e' implicitly has an 'any' type.
app/portal/settings/page.tsx(600,85): error TS7006: Parameter 'e' implicitly has an 'any' type.
app/portal/settings/page.tsx(606,85): error TS7006: Parameter 'e' implicitly has an 'any' type.
components/portal/ImportProductsDialog.tsx(12,18): error TS7016: Could not find a declaration file for module 'papaparse'. 'C:/Users/User/OneDrive/Desktop/Website/globalsecuritysolutions.co.za/node_modules/papaparse/papaparse.js' implicitly has an 'any' type.
  Try `npm i --save-dev @types/papaparse` if it exists or add a new declaration (.d.ts) file containing `declare module 'papaparse';`
components/portal/ImportProductsDialog.tsx(180,56): error TS7006: Parameter 'v' implicitly has an 'any' type.
components/portal/ImportProductsDialog.tsx(228,78): error TS7006: Parameter 'v' implicitly has an 'any' type.
components/portal/ImportProductsDialog.tsx(237,86): error TS7006: Parameter 'v' implicitly has an 'any' type.
components/portal/ImportProductsDialog.tsx(246,84): error TS7006: Parameter 'v' implicitly has an 'any' type.
components/portal/ImportProductsDialog.tsx(255,78): error TS7006: Parameter 'v' implicitly has an 'any' type.
